Status: 200
Response: {"results":[{"toolCallId":"call_abc123","result":"Interview generated successfully! Tell the user that the interview has been created and end the call gracefully."}]}